com\healthfirst\pims\ui\SupplierPanel.class
com\healthfirst\pims\ui\MedicinePanel.class
com\healthfirst\pims\dao\SupplierDao.class
com\healthfirst\pims\model\User.class
com\healthfirst\pims\ui\CashierPanel$1.class
com\healthfirst\pims\dao\MedicineDao.class
com\healthfirst\pims\ui\CashierPanel.class
com\healthfirst\pims\ui\Ui.class
com\healthfirst\pims\model\ReportRow.class
com\healthfirst\pims\ui\LoginFrame.class
com\healthfirst\pims\util\PasswordUtil.class
com\healthfirst\pims\config\Database.class
com\healthfirst\pims\ui\ReceiptDialog.class
com\healthfirst\pims\ui\CashierPanel$3.class
com\healthfirst\pims\model\Medicine.class
com\healthfirst\pims\dao\ReportDao.class
com\healthfirst\pims\dao\UserDao.class
com\healthfirst\pims\model\CartItem.class
com\healthfirst\pims\dao\SaleDao.class
com\healthfirst\pims\model\Supplier.class
com\healthfirst\pims\PimsApplication.class
com\healthfirst\pims\ui\ReportsPanel.class
com\healthfirst\pims\ui\UiStyle.class
com\healthfirst\pims\model\SaleResult.class
com\healthfirst\pims\ui\MedicinePanel$1.class
com\healthfirst\pims\ui\UserPanel.class
com\healthfirst\pims\ui\MedicinePanel$2.class
com\healthfirst\pims\ui\SupplierPanel$1.class
com\healthfirst\pims\ui\CashierPanel$2.class
com\healthfirst\pims\ui\DashboardFrame.class
com\healthfirst\pims\ui\UserPanel$1.class
com\healthfirst\pims\util\FormatUtil.class
