C:\Users\ksamb\Downloads\YourName_StudentNumber_PRO732\src\main\java\com\healthfirst\pims\config\Database.java
C:\Users\ksamb\Downloads\YourName_StudentNumber_PRO732\src\main\java\com\healthfirst\pims\dao\MedicineDao.java
C:\Users\ksamb\Downloads\YourName_StudentNumber_PRO732\src\main\java\com\healthfirst\pims\dao\ReportDao.java
C:\Users\ksamb\Downloads\YourName_StudentNumber_PRO732\src\main\java\com\healthfirst\pims\dao\SaleDao.java
C:\Users\ksamb\Downloads\YourName_StudentNumber_PRO732\src\main\java\com\healthfirst\pims\dao\SupplierDao.java
C:\Users\ksamb\Downloads\YourName_StudentNumber_PRO732\src\main\java\com\healthfirst\pims\dao\UserDao.java
C:\Users\ksamb\Downloads\YourName_StudentNumber_PRO732\src\main\java\com\healthfirst\pims\model\CartItem.java
C:\Users\ksamb\Downloads\YourName_StudentNumber_PRO732\src\main\java\com\healthfirst\pims\model\Medicine.java
C:\Users\ksamb\Downloads\YourName_StudentNumber_PRO732\src\main\java\com\healthfirst\pims\model\ReportRow.java
C:\Users\ksamb\Downloads\YourName_StudentNumber_PRO732\src\main\java\com\healthfirst\pims\model\SaleResult.java
C:\Users\ksamb\Downloads\YourName_StudentNumber_PRO732\src\main\java\com\healthfirst\pims\model\Supplier.java
C:\Users\ksamb\Downloads\YourName_StudentNumber_PRO732\src\main\java\com\healthfirst\pims\model\User.java
C:\Users\ksamb\Downloads\YourName_StudentNumber_PRO732\src\main\java\com\healthfirst\pims\PimsApplication.java
C:\Users\ksamb\Downloads\YourName_StudentNumber_PRO732\src\main\java\com\healthfirst\pims\ui\CashierPanel.java
C:\Users\ksamb\Downloads\YourName_StudentNumber_PRO732\src\main\java\com\healthfirst\pims\ui\DashboardFrame.java
C:\Users\ksamb\Downloads\YourName_StudentNumber_PRO732\src\main\java\com\healthfirst\pims\ui\LoginFrame.java
C:\Users\ksamb\Downloads\YourName_StudentNumber_PRO732\src\main\java\com\healthfirst\pims\ui\MedicinePanel.java
C:\Users\ksamb\Downloads\YourName_StudentNumber_PRO732\src\main\java\com\healthfirst\pims\ui\ReceiptDialog.java
C:\Users\ksamb\Downloads\YourName_StudentNumber_PRO732\src\main\java\com\healthfirst\pims\ui\ReportsPanel.java
C:\Users\ksamb\Downloads\YourName_StudentNumber_PRO732\src\main\java\com\healthfirst\pims\ui\SupplierPanel.java
C:\Users\ksamb\Downloads\YourName_StudentNumber_PRO732\src\main\java\com\healthfirst\pims\ui\Ui.java
C:\Users\ksamb\Downloads\YourName_StudentNumber_PRO732\src\main\java\com\healthfirst\pims\ui\UiStyle.java
C:\Users\ksamb\Downloads\YourName_StudentNumber_PRO732\src\main\java\com\healthfirst\pims\ui\UserPanel.java
C:\Users\ksamb\Downloads\YourName_StudentNumber_PRO732\src\main\java\com\healthfirst\pims\util\FormatUtil.java
C:\Users\ksamb\Downloads\YourName_StudentNumber_PRO732\src\main\java\com\healthfirst\pims\util\PasswordUtil.java
